---
source: tests/compiletests.rs
expression: "case(input, writeout_compile_result(&result, &symbol_table))"
---
?- f(X, g(X,a)).
-----
000	allocate 1
001	put_structure a/0, X4
002	put_variable Y1, X1	// Y1=X
003	put_structure g/2, X2
004	set_value Y1	// Y1=X
005	set_value X4
006	call @0
007	publish
008	deallocate

