---
source: tests/compiletests.rs
expression: "case(input, writeout_compile_result(&result, &symbol_table))"
---
p(Z, h(Z,W), f(W))
-----
000	put_variable X4, X1	// X4=Z
001	put_structure h/2, X2	
002	set_value X4	// X4=Z
003	set_variable X5	// X5=W
004	put_structure f/1, X3	
005	set_value X5	// X5=W

