---
source: tests/compiletests.rs
expression: "case(input, writeout_compile_result(&result, &symbol_table))"
---
?- f(X, g(Y, a)), g(X, b).
-----
000	allocate 2
001	put_structure a/0, X5
002	put_variable Y1, X1	// Y1=X
003	put_structure g/2, X2
004	set_variable Y2	// Y2=Y
005	set_value X5
006	call @0
007	put_value Y1, X1	// Y1=X
008	put_structure b/0, X2
009	call @0
010	publish

