---
source: tests/compiletests.rs
expression: "case(input, writeout_compile_result(&result, &symbol_table))"
---
?- f(X, g(Y, a)), g(X, b).
-----
000	put_structure a/0, X5
001	put_variable Y1, X1
002	put_structure g/2, X2
003	set_variable X4	// X4=Y
004	set_value X5
005	call @0
006	put_value Y1, X1
007	put_structure b/0, X2
008	call @0

