---
source: tests/decompiletests.rs
expression: "case(program_str.to_owned() + \" | ?- \" + query_str, result)"
---
p(Z, h(Z,W), f(W)) | ?- p(f(X), h(Y, f(a)), Y)
-----
QUERY
----
000	X	(HEAP[7]) =	<STR,3>	// f(a)
001	Y	(HEAP[10]) =	<STR,6>	// f(f(a))

PROGRAM
____

X1	
X2	
X3	// query.Y
X4	
X5	
X6	
X7	

