---
source: tests/decompiletests.rs
expression: "case(program_str.to_owned() + \" | ?- \" + query_str, result)"
---
horizontal(line(pt(X1, Y), pt(X2, Y))) | ?- horizontal(A)
-----
QUERY
----
000	A	(HEAP[0]) =	<STR,2>	// line(pt(UNK1, UNK2), pt(UNK3, UNK2))

PROGRAM
____

X1	// query.A
X2	
X3	
X4	
X5	
X6	

