---
source: tests/executetests.rs
expression: "case(input, output)"
---
(f(X, g(X,a)), p(f(X), h(Y, f(a)), Y))
-----
h: HEAP[10]
s: HEAP[0]
mode: read
fail: true
code:
000	get_structure p/3, X1
001	unify_variable X2
002	unify_variable X3
003	unify_variable X4
004	get_structure f/1, X2
005	unify_variable X5
006	get_structure h/2, X3
007	unify_value X4
008	unify_variable X6
009	get_structure f/1, X6
010	unify_variable X7
011	get_structure a/0, X7

heap:
000	<STR,1>
001	a/0
002	<STR,3>
003	g/2
004	<REF,4>
005	<STR,1>
006	<STR,7>
007	f/2
008	<REF,4>
009	<STR,3>

regs:
000	<EMPTY>
001	<STR,7>
002	<REF,4>
003	<STR,3>
004	<STR,1>

pdl:


