---
source: tests/executetests.rs
expression: "case(input, output)"
---
(f(X, g(X,a)), f(b, Y))
-----
h: HEAP[12]
s: HEAP[10]
mode: write
fail: false
code:
000	get_structure f/2, X1
001	unify_variable X2
002	unify_variable X3
003	get_structure b/0, X2

heap:
000	<STR,1>
001	a/0
002	<STR,3>
003	g/2
004	<REF,10>
005	<STR,1>
006	<STR,7>
007	f/2
008	<REF,4>
009	<STR,3>
010	<STR,11>
011	b/0

regs:
000	<EMPTY>
001	<STR,7>
002	<REF,4>
003	<STR,3>
004	<STR,1>

pdl:


