---
source: tests/langtests.rs
expression: "case_dbg(input, parse_term(input, &mut (SymbolTable::new())))"
---
"p(Z, h(Z,W), f(W))"
-----
Ok(
    Struct(
        Struct(
            Functor(
                :p,
                3,
            ),
            [
                Variable(
                    :Z,
                ),
                Struct(
                    Struct(
                        Functor(
                            :h,
                            2,
                        ),
                        [
                            Variable(
                                :Z,
                            ),
                            Variable(
                                :W,
                            ),
                        ],
                    ),
                ),
                Struct(
                    Struct(
                        Functor(
                            :f,
                            1,
                        ),
                        [
                            Variable(
                                :W,
                            ),
                        ],
                    ),
                ),
            ],
        ),
    ),
)
